../Core/Src/main.cpp:138:22:main()::<lambda(main()::servo_table*, uint32_t)>	24	static
../Core/Src/main.cpp:142:20:main()::<lambda(bool)>	48	static
../Core/Src/main.cpp:78:5:int main()	400	static
../Core/Src/main.cpp:194:6:void SystemClock_Config()	88	static
../Core/Src/main.cpp:241:13:void MX_CAN_Init()	8	static
../Core/Src/main.cpp:278:13:void MX_TIM1_Init()	80	static
../Core/Src/main.cpp:351:13:void MX_TIM2_Init()	48	static
../Core/Src/main.cpp:412:13:void MX_TIM3_Init()	48	static
../Core/Src/main.cpp:473:13:void MX_TIM4_Init()	48	static
../Core/Src/main.cpp:526:13:void MX_USB_PCD_Init()	8	static
../Core/Src/main.cpp:557:13:void MX_GPIO_Init()	40	static
../Core/Src/main.cpp:593:6:void Error_Handler()	4	static,ignoring_inline_asm
